// Jest Snapshot v1, https://goo.gl/fbAQLP

exports[`changes the class when hovered 1`] = `
[
  <style
    dangerouslySetInnerHTML={
      {
        "__html": ".css-13xn979-Age{width:200px;height:200px;background-color:red;}",
      }
    }
    data-emotion="css 13xn979-Age"
  />,
  <div
    className="css-13xn979-Age"
  >
    hello
  </div>,
]
`;

exports[`changes the class when hovered 2`] = `
[
  <style
    dangerouslySetInnerHTML={
      {
        "__html": ".css-13xn979-Age{width:200px;height:200px;background-color:red;}",
      }
    }
    data-emotion="css 13xn979-Age"
  />,
  <div
    className="css-13xn979-Age"
  >
    hello
  </div>,
]
`;
